* using log directory ‘/Users/ejbarsotti/rLungVolume/..Rcheck’
* using R version 4.5.2 (2025-10-31)
* using platform: aarch64-apple-darwin20
* R was compiled by
    Apple clang version 16.0.0 (clang-1600.0.26.6)
    GNU Fortran (GCC) 14.2.0
* running under: macOS Sequoia 15.6.1
* using session charset: UTF-8
* using options ‘--no-manual --as-cran’
* checking for file ‘./DESCRIPTION’ ... OK
* this is package ‘rLungVolume’ version ‘0.0.0.9000’
* package encoding: UTF-8
* checking CRAN incoming feasibility ... NOTE
Maintainer: ‘John Barsotti <ebarsot11@gmail.com>’

Version contains large components (0.0.0.9000)

Found the following (possibly) invalid URLs:
  URL: https://github.com/JBarsotti/rLungVolume
    From: DESCRIPTION
    Status: Error
    Message: libcurl error code 6:
      	Could not resolve host: github.com
  URL: https://github.com/JBarsotti/rLungVolume/issues
    From: DESCRIPTION
    Status: Error
    Message: libcurl error code 6:
      	Could not resolve host: github.com

The build time stamp is missing.
* checking package namespace information ... OK
* checking package dependencies ... OK
* checking if this is a source package ... OK
* checking if there is a namespace ... OK
* checking for executable files ... OK
* checking for hidden files and directories ... NOTE
Found the following hidden files and directories:
  .gitignore
  ..Rcheck
  .git
  .github
These were most likely included in error. See section ‘Package
structure’ in the ‘Writing R Extensions’ manual.

CRAN-pack does not know about
  ..Rcheck
  .git
  .github
* checking for portable file names ... OK
* checking for sufficient/correct file permissions ... OK
* checking serialization versions ... OK
* checking whether package ‘rLungVolume’ can be installed ... OK
* checking installed package size ... OK
* checking package directory ... OK
* checking for future file timestamps ... NOTE
unable to verify current time
* checking DESCRIPTION meta-information ... NOTE
Checking should be performed on sources prepared by ‘R CMD build’.
* checking top-level files ... NOTE
Non-standard files/directories found at top level:
  ‘LICENSE.md’ ‘README.Rmd’ ‘README.html’ ‘rLungVolume.Rproj’
* checking for left-over files ... OK
* checking index information ... OK
* checking package subdirectories ... WARNING
Found the following directory with the name of a check directory:
  ./..Rcheck
Most likely, these were included erroneously.
Found the following directory with the name of a version control directory:
  ./.git
These should not be in a package tarball.
Problems with news in ‘NEWS.md’:
No news entries found.
* checking code files for non-ASCII characters ... OK
* checking R files for syntax errors ... OK
* checking whether the package can be loaded ... OK
* checking whether the package can be loaded with stated dependencies ... OK
* checking whether the package can be unloaded cleanly ... OK
* checking whether the namespace can be loaded with stated dependencies ... OK
* checking whether the namespace can be unloaded cleanly ... OK
* checking loading without being on the library search path ... OK
* checking use of S3 registration ... OK
* checking dependencies in R code ... OK
* checking S3 generic/method consistency ... OK
* checking replacement functions ... OK
* checking foreign function calls ... OK
* checking R code for possible problems ... OK
* checking Rd files ... OK
* checking Rd metadata ... OK
* checking Rd line widths ... OK
* checking Rd cross-references ... OK
* checking for missing documentation entries ... OK
* checking for code/documentation mismatches ... OK
* checking Rd \usage sections ... OK
* checking Rd contents ... OK
* checking for unstated dependencies in examples ... OK
* checking examples ... OK
* checking for unstated dependencies in ‘tests’ ... OK
* checking tests ... OK
  Running ‘testthat.R’
* checking for non-standard things in the check directory ... OK
* checking for detritus in the temp directory ... OK
* DONE
Status: 1 WARNING, 5 NOTEs
